Resolving dependencies...
Downloading packages...
  _fe_analyzer_shared 91.0.0 (94.0.0 available)
  analyzer 8.4.1 (10.0.2 available)
  characters 1.4.0 (1.4.1 available)
  cross_file 0.3.5+1 (0.3.5+2 available)
  json_annotation 4.9.0 (4.10.0 available)
  lints 6.0.0 (6.1.0 available)
  matcher 0.12.17 (0.12.18 available)
  material_color_utilities 0.11.1 (0.13.0 available)
  meta 1.17.0 (1.18.1 available)
  objective_c 9.2.3 (9.2.5 available)
  pointycastle 3.9.1 (4.0.0 available)
  shared_preferences_android 2.4.18 (2.4.20 available)
  test 1.26.3 (1.29.0 available)
  test_api 0.7.7 (0.7.9 available)
  test_core 0.6.12 (0.6.15 available)
  timezone 0.10.1 (0.11.0 available)
Got dependencies!
16 packages have newer versions incompatible with dependency constraints.
Try `flutter pub outdated` for more information.
00:00 +0: loading /home/satyakommula/opensource/trueledger/test/widget/smart_insights_test.dart                                                                                                        00:01 +0: loading /home/satyakommula/opensource/trueledger/test/widget/smart_insights_test.dart                                                                                                        00:01 +0: renders score card even when insights are empty                                                                                                                                              00:02 +0: renders score card even when insights are empty                                                                                                                                              00:02 +0: renders score card even when insights are empty                                                                                                                                              
Pending timers:
Timer (duration: 0:00:00.000000, periodic: false), created:
#0      new FakeTimer._ (package:fake_async/fake_async.dart:342:62)
#1      FakeAsync._createTimer (package:fake_async/fake_async.dart:260:29)
#2      FakeAsync.run.<anonymous closure> (package:fake_async/fake_async.dart:185:15)
#6      _AnimateState._restart (package:flutter_animate/src/animate.dart:318:23)
#7      _AnimateState.initState (package:flutter_animate/src/animate.dart:290:5)
#8      StatefulElement._firstBuild (package:flutter/src/widgets/framework.dart:5953:55)
#9      ComponentElement.mount (package:flutter/src/widgets/framework.dart:5796:5)
...     Normal element mounting (33 frames)
#42     Element.inflateWidget (package:flutter/src/widgets/framework.dart:4590:20)
#43     MultiChildRenderObjectElement.inflateWidget (package:flutter/src/widgets/framework.dart:7269:36)
#44     MultiChildRenderObjectElement.mount (package:flutter/src/widgets/framework.dart:7285:32)
...     Normal element mounting (338 frames)
#382    Element.inflateWidget (package:flutter/src/widgets/framework.dart:4590:20)
#383    MultiChildRenderObjectElement.inflateWidget (package:flutter/src/widgets/framework.dart:7269:36)
#384    MultiChildRenderObjectElement.mount (package:flutter/src/widgets/framework.dart:7285:32)
...     Normal element mounting (487 frames)
#871    Element.inflateWidget (package:flutter/src/widgets/framework.dart:4590:20)
#872    Element.updateChild (package:flutter/src/widgets/framework.dart:4053:20)
#873    ComponentElement.performRebuild (package:flutter/src/widgets/framework.dart:5844:16)
#874    Element.rebuild (package:flutter/src/widgets/framework.dart:5532:7)
#875    ProxyElement.update (package:flutter/src/widgets/framework.dart:6152:5)
#876    _InheritedNotifierElement.update (package:flutter/src/widgets/inherited_notifier.dart:108:11)
#877    Element.updateChild (package:flutter/src/widgets/framework.dart:4037:15)
#878    ComponentElement.performRebuild (package:flutter/src/widgets/framework.dart:5844:16)
#879    StatefulElement.performRebuild (package:flutter/src/widgets/framework.dart:5985:11)
#880    Element.rebuild (package:flutter/src/widgets/framework.dart:5532:7)
#881    StatefulElement.update (package:flutter/src/widgets/framework.dart:6010:5)
#882    Element.updateChild (package:flutter/src/widgets/framework.dart:4037:15)
#883    ComponentElement.performRebuild (package:flutter/src/widgets/framework.dart:5844:16)
#884    Element.rebuild (package:flutter/src/widgets/framework.dart:5532:7)
#885    ProxyElement.update (package:flutter/src/widgets/framework.dart:6152:5)
#886    _InheritedNotifierElement.update (package:flutter/src/widgets/inherited_notifier.dart:108:11)
#887    Element.updateChild (package:flutter/src/widgets/framework.dart:4037:15)
#888    ComponentElement.performRebuild (package:flutter/src/widgets/framework.dart:5844:16)
#889    StatefulElement.performRebuild (package:flutter/src/widgets/framework.dart:5985:11)
#890    Element.rebuild (package:flutter/src/widgets/framework.dart:5532:7)
#891    StatefulElement.update (package:flutter/src/widgets/framework.dart:6010:5)
#892    Element.updateChild (package:flutter/src/widgets/framework.dart:4037:15)
#893    ComponentElement.performRebuild (package:flutter/src/widgets/framework.dart:5844:16)
#894    StatefulElement.performRebuild (package:flutter/src/widgets/framework.dart:5985:11)
#895    Element.rebuild (package:flutter/src/widgets/framework.dart:5532:7)
#896    StatefulElement.update (package:flutter/src/widgets/framework.dart:6010:5)
#897    Element.updateChild (package:flutter/src/widgets/framework.dart:4037:15)
#898    ComponentElement.performRebuild (package:flutter/src/widgets/framework.dart:5844:16)
#899    Element.rebuild (package:flutter/src/widgets/framework.dart:5532:7)
#900    ProxyElement.update (package:flutter/src/widgets/framework.dart:6152:5)
#901    Element.updateChild (package:flutter/src/widgets/framework.dart:4037:15)
#902    ComponentElement.performRebuild (package:flutter/src/widgets/framework.dart:5844:16)
#903    StatefulElement.performRebuild (package:flutter/src/widgets/framework.dart:5985:11)
#904    Element.rebuild (package:flutter/src/widgets/framework.dart:5532:7)
#905    StatefulElement.update (package:flutter/src/widgets/framework.dart:6010:5)
#906    Element.updateChild (package:flutter/src/widgets/framework.dart:4037:15)
#907    ComponentElement.performRebuild (package:flutter/src/widgets/framework.dart:5844:16)
#908    Element.rebuild (package:flutter/src/widgets/framework.dart:5532:7)
#909    ProxyElement.update (package:flutter/src/widgets/framework.dart:6152:5)
#910    Element.updateChild (package:flutter/src/widgets/framework.dart:4037:15)
#911    ComponentElement.performRebuild (package:flutter/src/widgets/framework.dart:5844:16)
#912    Element.rebuild (package:flutter/src/widgets/framework.dart:5532:7)
#913    ProxyElement.update (package:flutter/src/widgets/framework.dart:6152:5)
#914    Element.updateChild (package:flutter/src/widgets/framework.dart:4037:15)
#915    _RawViewElement._updateChild (package:flutter/src/widgets/view.dart:481:16)
#916    _RawViewElement.update (package:flutter/src/widgets/view.dart:568:5)
#917    Element.updateChild (package:flutter/src/widgets/framework.dart:4037:15)
#918    ComponentElement.performRebuild (package:flutter/src/widgets/framework.dart:5844:16)
#919    Element.rebuild (package:flutter/src/widgets/framework.dart:5532:7)
#920    StatelessElement.update (package:flutter/src/widgets/framework.dart:5898:5)
#921    Element.updateChild (package:flutter/src/widgets/framework.dart:4037:15)
#922    ComponentElement.performRebuild (package:flutter/src/widgets/framework.dart:5844:16)
#923    StatefulElement.performRebuild (package:flutter/src/widgets/framework.dart:5985:11)
#924    Element.rebuild (package:flutter/src/widgets/framework.dart:5532:7)
#925    StatefulElement.update (package:flutter/src/widgets/framework.dart:6010:5)
#926    Element.updateChild (package:flutter/src/widgets/framework.dart:4037:15)
#927    RootElement._rebuild (package:flutter/src/widgets/binding.dart:1782:16)
#928    RootElement.update (package:flutter/src/widgets/binding.dart:1760:5)
#929    RootElement.performRebuild (package:flutter/src/widgets/binding.dart:1774:7)
#930    Element.rebuild (package:flutter/src/widgets/framework.dart:5532:7)
#931    BuildScope._tryRebuild (package:flutter/src/widgets/framework.dart:2750:15)
#932    BuildScope._flushDirtyElements (package:flutter/src/widgets/framework.dart:2807:11)
#933    BuildOwner.buildScope (package:flutter/src/widgets/framework.dart:3111:18)
#934    AutomatedTestWidgetsFlutterBinding.drawFrame (package:flutter_test/src/binding.dart:1506:19)
#935    RendererBinding._handlePersistentFrameCallback (package:flutter/src/rendering/binding.dart:495:5)
#936    SchedulerBinding._invokeFrameCallback (package:flutter/src/scheduler/binding.dart:1434:15)
#937    SchedulerBinding.handleDrawFrame (package:flutter/src/scheduler/binding.dart:1347:9)
#938    AutomatedTestWidgetsFlutterBinding.pump.<anonymous closure> (package:flutter_test/src/binding.dart:1335:9)
#941    TestAsyncUtils.guard (package:flutter_test/src/test_async_utils.dart:74:41)
#942    AutomatedTestWidgetsFlutterBinding.pump (package:flutter_test/src/binding.dart:1324:27)
#943    WidgetTester.pumpWidget.<anonymous closure> (package:flutter_test/src/widget_tester.dart:598:22)
#946    TestAsyncUtils.guard (package:flutter_test/src/test_async_utils.dart:74:41)
#947    WidgetTester.pumpWidget (package:flutter_test/src/widget_tester.dart:595:27)
#948    main.<anonymous closure> (file:///home/satyakommula/opensource/trueledger/test/widget/smart_insights_test.dart:45:18)
#949    testWidgets.<anonymous closure>.<anonymous closure> (package:flutter_test/src/widget_tester.dart:192:29)
<asynchronous suspension>
#950    TestWidgetsFlutterBinding._runTestBody (package:flutter_test/src/binding.dart:1059:5)
<asynchronous suspension>
<asynchronous suspension>
(elided 8 frames from dart:async and package:stack_trace)

Timer (duration: 0:00:00.000000, periodic: false), created:
#0      new FakeTimer._ (package:fake_async/fake_async.dart:342:62)
#1      FakeAsync._createTimer (package:fake_async/fake_async.dart:260:29)
#2      FakeAsync.run.<anonymous closure> (package:fake_async/fake_async.dart:185:15)
#6      _AnimateState._restart (package:flutter_animate/src/animate.dart:318:23)
#7      _AnimateState.initState (package:flutter_animate/src/animate.dart:290:5)
#8      StatefulElement._firstBuild (package:flutter/src/widgets/framework.dart:5953:55)
#9      ComponentElement.mount (package:flutter/src/widgets/framework.dart:5796:5)
#10     Element.inflateWidget (package:flutter/src/widgets/framework.dart:4590:20)
#11     MultiChildRenderObjectElement.inflateWidget (package:flutter/src/widgets/framework.dart:7269:36)
#12     MultiChildRenderObjectElement.mount (package:flutter/src/widgets/framework.dart:7285:32)
...     Normal element mounting (44 frames)
#56     Element.inflateWidget (package:flutter/src/widgets/framework.dart:4590:20)
#57     MultiChildRenderObjectElement.inflateWidget (package:flutter/src/widgets/framework.dart:7269:36)
#58     MultiChildRenderObjectElement.mount (package:flutter/src/widgets/framework.dart:7285:32)
...     Normal element mounting (338 frames)
#396    Element.inflateWidget (package:flutter/src/widgets/framework.dart:4590:20)
#397    MultiChildRenderObjectElement.inflateWidget (package:flutter/src/widgets/framework.dart:7269:36)
#398    MultiChildRenderObjectElement.mount (package:flutter/src/widgets/framework.dart:7285:32)
...     Normal element mounting (487 frames)
#885    Element.inflateWidget (package:flutter/src/widgets/framework.dart:4590:20)
#886    Element.updateChild (package:flutter/src/widgets/framework.dart:4053:20)
#887    ComponentElement.performRebuild (package:flutter/src/widgets/framework.dart:5844:16)
#888    Element.rebuild (package:flutter/src/widgets/framework.dart:5532:7)
#889    ProxyElement.update (package:flutter/src/widgets/framework.dart:6152:5)
#890    _InheritedNotifierElement.update (package:flutter/src/widgets/inherited_notifier.dart:108:11)
#891    Element.updateChild (package:flutter/src/widgets/framework.dart:4037:15)
#892    ComponentElement.performRebuild (package:flutter/src/widgets/framework.dart:5844:16)
#893    StatefulElement.performRebuild (package:flutter/src/widgets/framework.dart:5985:11)
#894    Element.rebuild (package:flutter/src/widgets/framework.dart:5532:7)
#895    StatefulElement.update (package:flutter/src/widgets/framework.dart:6010:5)
#896    Element.updateChild (package:flutter/src/widgets/framework.dart:4037:15)
#897    ComponentElement.performRebuild (package:flutter/src/widgets/framework.dart:5844:16)
#898    Element.rebuild (package:flutter/src/widgets/framework.dart:5532:7)
#899    ProxyElement.update (package:flutter/src/widgets/framework.dart:6152:5)
#900    _InheritedNotifierElement.update (package:flutter/src/widgets/inherited_notifier.dart:108:11)
#901    Element.updateChild (package:flutter/src/widgets/framework.dart:4037:15)
#902    ComponentElement.performRebuild (package:flutter/src/widgets/framework.dart:5844:16)
#903    StatefulElement.performRebuild (package:flutter/src/widgets/framework.dart:5985:11)
#904    Element.rebuild (package:flutter/src/widgets/framework.dart:5532:7)
#905    StatefulElement.update (package:flutter/src/widgets/framework.dart:6010:5)
#906    Element.updateChild (package:flutter/src/widgets/framework.dart:4037:15)
#907    ComponentElement.performRebuild (package:flutter/src/widgets/framework.dart:5844:16)
#908    StatefulElement.performRebuild (package:flutter/src/widgets/framework.dart:5985:11)
#909    Element.rebuild (package:flutter/src/widgets/framework.dart:5532:7)
#910    StatefulElement.update (package:flutter/src/widgets/framework.dart:6010:5)
#911    Element.updateChild (package:flutter/src/widgets/framework.dart:4037:15)
#912    ComponentElement.performRebuild (package:flutter/src/widgets/framework.dart:5844:16)
#913    Element.rebuild (package:flutter/src/widgets/framework.dart:5532:7)
#914    ProxyElement.update (package:flutter/src/widgets/framework.dart:6152:5)
#915    Element.updateChild (package:flutter/src/widgets/framework.dart:4037:15)
#916    ComponentElement.performRebuild (package:flutter/src/widgets/framework.dart:5844:16)
#917    StatefulElement.performRebuild (package:flutter/src/widgets/framework.dart:5985:11)
#918    Element.rebuild (package:flutter/src/widgets/framework.dart:5532:7)
#919    StatefulElement.update (package:flutter/src/widgets/framework.dart:6010:5)
#920    Element.updateChild (package:flutter/src/widgets/framework.dart:4037:15)
#921    ComponentElement.performRebuild (package:flutter/src/widgets/framework.dart:5844:16)
#922    Element.rebuild (package:flutter/src/widgets/framework.dart:5532:7)
#923    ProxyElement.update (package:flutter/src/widgets/framework.dart:6152:5)
#924    Element.updateChild (package:flutter/src/widgets/framework.dart:4037:15)
#925    ComponentElement.performRebuild (package:flutter/src/widgets/framework.dart:5844:16)
#926    Element.rebuild (package:flutter/src/widgets/framework.dart:5532:7)
#927    ProxyElement.update (package:flutter/src/widgets/framework.dart:6152:5)
#928    Element.updateChild (package:flutter/src/widgets/framework.dart:4037:15)
#929    _RawViewElement._updateChild (package:flutter/src/widgets/view.dart:481:16)
#930    _RawViewElement.update (package:flutter/src/widgets/view.dart:568:5)
#931    Element.updateChild (package:flutter/src/widgets/framework.dart:4037:15)
#932    ComponentElement.performRebuild (package:flutter/src/widgets/framework.dart:5844:16)
#933    Element.rebuild (package:flutter/src/widgets/framework.dart:5532:7)
#934    StatelessElement.update (package:flutter/src/widgets/framework.dart:5898:5)
#935    Element.updateChild (package:flutter/src/widgets/framework.dart:4037:15)
#936    ComponentElement.performRebuild (package:flutter/src/widgets/framework.dart:5844:16)
#937    StatefulElement.performRebuild (package:flutter/src/widgets/framework.dart:5985:11)
#938    Element.rebuild (package:flutter/src/widgets/framework.dart:5532:7)
#939    StatefulElement.update (package:flutter/src/widgets/framework.dart:6010:5)
#940    Element.updateChild (package:flutter/src/widgets/framework.dart:4037:15)
#941    RootElement._rebuild (package:flutter/src/widgets/binding.dart:1782:16)
#942    RootElement.update (package:flutter/src/widgets/binding.dart:1760:5)
#943    RootElement.performRebuild (package:flutter/src/widgets/binding.dart:1774:7)
#944    Element.rebuild (package:flutter/src/widgets/framework.dart:5532:7)
#945    BuildScope._tryRebuild (package:flutter/src/widgets/framework.dart:2750:15)
#946    BuildScope._flushDirtyElements (package:flutter/src/widgets/framework.dart:2807:11)
#947    BuildOwner.buildScope (package:flutter/src/widgets/framework.dart:3111:18)
#948    AutomatedTestWidgetsFlutterBinding.drawFrame (package:flutter_test/src/binding.dart:1506:19)
#949    RendererBinding._handlePersistentFrameCallback (package:flutter/src/rendering/binding.dart:495:5)
#950    SchedulerBinding._invokeFrameCallback (package:flutter/src/scheduler/binding.dart:1434:15)
#951    SchedulerBinding.handleDrawFrame (package:flutter/src/scheduler/binding.dart:1347:9)
#952    AutomatedTestWidgetsFlutterBinding.pump.<anonymous closure> (package:flutter_test/src/binding.dart:1335:9)
#955    TestAsyncUtils.guard (package:flutter_test/src/test_async_utils.dart:74:41)
#956    AutomatedTestWidgetsFlutterBinding.pump (package:flutter_test/src/binding.dart:1324:27)
#957    WidgetTester.pumpWidget.<anonymous closure> (package:flutter_test/src/widget_tester.dart:598:22)
#960    TestAsyncUtils.guard (package:flutter_test/src/test_async_utils.dart:74:41)
#961    WidgetTester.pumpWidget (package:flutter_test/src/widget_tester.dart:595:27)
#962    main.<anonymous closure> (file:///home/satyakommula/opensource/trueledger/test/widget/smart_insights_test.dart:45:18)
#963    testWidgets.<anonymous closure>.<anonymous closure> (package:flutter_test/src/widget_tester.dart:192:29)
<asynchronous suspension>
#964    TestWidgetsFlutterBinding._runTestBody (package:flutter_test/src/binding.dart:1059:5)
<asynchronous suspension>
<asynchronous suspension>
(elided 8 frames from dart:async and package:stack_trace)

Timer (duration: 0:00:00.000000, periodic: false), created:
#0      new FakeTimer._ (package:fake_async/fake_async.dart:342:62)
#1      FakeAsync._createTimer (package:fake_async/fake_async.dart:260:29)
#2      FakeAsync.run.<anonymous closure> (package:fake_async/fake_async.dart:185:15)
#6      _AnimateState._restart (package:flutter_animate/src/animate.dart:318:23)
#7      _AnimateState.initState (package:flutter_animate/src/animate.dart:290:5)
#8      StatefulElement._firstBuild (package:flutter/src/widgets/framework.dart:5953:55)
#9      ComponentElement.mount (package:flutter/src/widgets/framework.dart:5796:5)
...     Normal element mounting (41 frames)
#50     Element.inflateWidget (package:flutter/src/widgets/framework.dart:4590:20)
#51     Element.updateChild (package:flutter/src/widgets/framework.dart:4059:18)
#52     SliverMultiBoxAdaptorElement.updateChild (package:flutter/src/widgets/sliver.dart:1068:37)
#53     SliverMultiBoxAdaptorElement.createChild.<anonymous closure> (package:flutter/src/widgets/sliver.dart:1052:20)
#54     BuildOwner.buildScope (package:flutter/src/widgets/framework.dart:3101:19)
#55     SliverMultiBoxAdaptorElement.createChild (package:flutter/src/widgets/sliver.dart:1042:12)
#56     RenderSliverMultiBoxAdaptor._createOrObtainChild.<anonymous closure> (package:flutter/src/rendering/sliver_multi_box_adaptor.dart:372:23)
#57     RenderObject.invokeLayoutCallback.<anonymous closure> (package:flutter/src/rendering/object.dart:2894:17)
#58     PipelineOwner._enableMutationsToDirtySubtrees (package:flutter/src/rendering/object.dart:1219:15)
#59     RenderObject.invokeLayoutCallback (package:flutter/src/rendering/object.dart:2893:14)
#60     RenderSliverMultiBoxAdaptor._createOrObtainChild (package:flutter/src/rendering/sliver_multi_box_adaptor.dart:360:5)
#61     RenderSliverMultiBoxAdaptor.addInitialChild (package:flutter/src/rendering/sliver_multi_box_adaptor.dart:460:5)
#62     RenderSliverList.performLayout (package:flutter/src/rendering/sliver_list.dart:79:12)
#63     RenderObject.layout (package:flutter/src/rendering/object.dart:2775:7)
#64     RenderSliverEdgeInsetsPadding.performLayout (package:flutter/src/rendering/sliver_padding.dart:133:12)
#65     RenderSliverPadding.performLayout (package:flutter/src/rendering/sliver_padding.dart:371:11)
#66     RenderObject.layout (package:flutter/src/rendering/object.dart:2775:7)
#67     RenderViewportBase.layoutChildSequence (package:flutter/src/rendering/viewport.dart:673:13)
#68     RenderViewport._attemptLayout (package:flutter/src/rendering/viewport.dart:1684:12)
#69     RenderViewport.performLayout (package:flutter/src/rendering/viewport.dart:1575:20)
#70     RenderObject.layout (package:flutter/src/rendering/object.dart:2775:7)
#71     RenderProxyBoxMixin.performLayout (package:flutter/src/rendering/proxy_box.dart:115:18)
#72     RenderObject.layout (package:flutter/src/rendering/object.dart:2775:7)
#73     RenderProxyBoxMixin.performLayout (package:flutter/src/rendering/proxy_box.dart:115:18)
#74     RenderObject.layout (package:flutter/src/rendering/object.dart:2775:7)
#75     RenderProxyBoxMixin.performLayout (package:flutter/src/rendering/proxy_box.dart:115:18)
#76     RenderObject.layout (package:flutter/src/rendering/object.dart:2775:7)
#77     RenderProxyBoxMixin.performLayout (package:flutter/src/rendering/proxy_box.dart:115:18)
#78     RenderObject.layout (package:flutter/src/rendering/object.dart:2775:7)
#79     RenderProxyBoxMixin.performLayout (package:flutter/src/rendering/proxy_box.dart:115:18)
#80     RenderObject.layout (package:flutter/src/rendering/object.dart:2775:7)
#81     RenderProxyBoxMixin.performLayout (package:flutter/src/rendering/proxy_box.dart:115:18)
#82     RenderObject.layout (package:flutter/src/rendering/object.dart:2775:7)
#83     RenderProxyBoxMixin.performLayout (package:flutter/src/rendering/proxy_box.dart:115:18)
#84     RenderObject.layout (package:flutter/src/rendering/object.dart:2775:7)
#85     RenderProxyBoxMixin.performLayout (package:flutter/src/rendering/proxy_box.dart:115:18)
#86     _RenderCustomClip.performLayout (package:flutter/src/rendering/proxy_box.dart:1481:11)
#87     RenderObject.layout (package:flutter/src/rendering/object.dart:2775:7)
#88     RenderConstrainedBox.performLayout (package:flutter/src/rendering/proxy_box.dart:293:14)
#89     RenderObject.layout (package:flutter/src/rendering/object.dart:2775:7)
#90     ChildLayoutHelper.layoutChild (package:flutter/src/rendering/layout_helper.dart:62:11)
#91     RenderFlex._computeSizes (package:flutter/src/rendering/flex.dart:1161:28)
#92     RenderFlex.performLayout (package:flutter/src/rendering/flex.dart:1257:32)
#93     RenderObject.layout (package:flutter/src/rendering/object.dart:2775:7)
#94     RenderProxyBoxMixin.performLayout (package:flutter/src/rendering/proxy_box.dart:115:18)
#95     RenderObject.layout (package:flutter/src/rendering/object.dart:2775:7)
#96     MultiChildLayoutDelegate.layoutChild (package:flutter/src/rendering/custom_layout.dart:180:12)
#97     _ScaffoldLayout.performLayout (package:flutter/src/material/scaffold.dart:1112:7)
#98     MultiChildLayoutDelegate._callPerformLayout (package:flutter/src/rendering/custom_layout.dart:249:7)
#99     RenderCustomMultiChildLayoutBox.performLayout (package:flutter/src/rendering/custom_layout.dart:420:14)
#100    RenderObject.layout (package:flutter/src/rendering/object.dart:2775:7)
#101    RenderProxyBoxMixin.performLayout (package:flutter/src/rendering/proxy_box.dart:115:18)
#102    RenderObject.layout (package:flutter/src/rendering/object.dart:2775:7)
#103    RenderProxyBoxMixin.performLayout (package:flutter/src/rendering/proxy_box.dart:115:18)
#104    _RenderCustomClip.performLayout (package:flutter/src/rendering/proxy_box.dart:1481:11)
#105    RenderObject.layout (package:flutter/src/rendering/object.dart:2775:7)
#106    RenderProxyBoxMixin.performLayout (package:flutter/src/rendering/proxy_box.dart:115:18)
#107    RenderObject.layout (package:flutter/src/rendering/object.dart:2775:7)
#108    RenderProxyBoxMixin.performLayout (package:flutter/src/rendering/proxy_box.dart:115:18)
#109    RenderObject.layout (package:flutter/src/rendering/object.dart:2775:7)
#110    RenderProxyBoxMixin.performLayout (package:flutter/src/rendering/proxy_box.dart:115:18)
#111    RenderObject.layout (package:flutter/src/rendering/object.dart:2775:7)
#112    RenderProxyBoxMixin.performLayout (package:flutter/src/rendering/proxy_box.dart:115:18)
#113    RenderObject.layout (package:flutter/src/rendering/object.dart:2775:7)
#114    RenderProxyBoxMixin.performLayout (package:flutter/src/rendering/proxy_box.dart:115:18)
#115    RenderObject.layout (package:flutter/src/rendering/object.dart:2775:7)
#116    RenderProxyBoxMixin.performLayout (package:flutter/src/rendering/proxy_box.dart:115:18)
#117    RenderObject.layout (package:flutter/src/rendering/object.dart:2775:7)
#118    RenderProxyBoxMixin.performLayout (package:flutter/src/rendering/proxy_box.dart:115:18)
#119    RenderObject.layout (package:flutter/src/rendering/object.dart:2775:7)
#120    RenderProxyBoxMixin.performLayout (package:flutter/src/rendering/proxy_box.dart:115:18)
#121    RenderObject.layout (package:flutter/src/rendering/object.dart:2775:7)
#122    RenderProxyBoxMixin.performLayout (package:flutter/src/rendering/proxy_box.dart:115:18)
#123    RenderObject.layout (package:flutter/src/rendering/object.dart:2775:7)
#124    RenderProxyBoxMixin.performLayout (package:flutter/src/rendering/proxy_box.dart:115:18)
#125    RenderOffstage.performLayout (package:flutter/src/rendering/proxy_box.dart:3848:13)
#126    RenderObject.layout (package:flutter/src/rendering/object.dart:2775:7)
#127    RenderProxyBoxMixin.performLayout (package:flutter/src/rendering/proxy_box.dart:115:18)
#128    RenderObject.layout (package:flutter/src/rendering/object.dart:2775:7)
#129    _RenderTheaterMixin.layoutChild (package:flutter/src/widgets/overlay.dart:1084:13)
#130    _RenderTheater.performLayout (package:flutter/src/widgets/overlay.dart:1429:9)
#131    RenderObject.layout (package:flutter/src/rendering/object.dart:2775:7)
#132    RenderProxyBoxMixin.performLayout (package:flutter/src/rendering/proxy_box.dart:115:18)
#133    RenderObject.layout (package:flutter/src/rendering/object.dart:2775:7)
#134    RenderProxyBoxMixin.performLayout (package:flutter/src/rendering/proxy_box.dart:115:18)
#135    RenderObject.layout (package:flutter/src/rendering/object.dart:2775:7)
#136    RenderProxyBoxMixin.performLayout (package:flutter/src/rendering/proxy_box.dart:115:18)
#137    RenderObject.layout (package:flutter/src/rendering/object.dart:2775:7)
#138    RenderProxyBoxMixin.performLayout (package:flutter/src/rendering/proxy_box.dart:115:18)
#139    RenderCustomPaint.performLayout (package:flutter/src/rendering/custom_paint.dart:574:11)
#140    RenderObject.layout (package:flutter/src/rendering/object.dart:2775:7)
#141    RenderProxyBoxMixin.performLayout (package:flutter/src/rendering/proxy_box.dart:115:18)
#142    RenderObject.layout (package:flutter/src/rendering/object.dart:2775:7)
#143    RenderProxyBoxMixin.performLayout (package:flutter/src/rendering/proxy_box.dart:115:18)
#144    RenderObject.layout (package:flutter/src/rendering/object.dart:2775:7)
#145    RenderProxyBoxMixin.performLayout (package:flutter/src/rendering/proxy_box.dart:115:18)
#146    RenderObject.layout (package:flutter/src/rendering/object.dart:2775:7)
#147    RenderProxyBoxMixin.performLayout (package:flutter/src/rendering/proxy_box.dart:115:18)
#148    RenderObject.layout (package:flutter/src/rendering/object.dart:2775:7)
#149    RenderProxyBoxMixin.performLayout (package:flutter/src/rendering/proxy_box.dart:115:18)
#150    RenderObject.layout (package:flutter/src/rendering/object.dart:2775:7)
#151    RenderProxyBoxMixin.performLayout (package:flutter/src/rendering/proxy_box.dart:115:18)
#152    RenderObject.layout (package:flutter/src/rendering/object.dart:2775:7)
#153    RenderView.performLayout (package:flutter/src/rendering/view.dart:294:12)
#154    RenderObject._layoutWithoutResize (package:flutter/src/rendering/object.dart:2623:7)
#155    PipelineOwner.flushLayout (package:flutter/src/rendering/object.dart:1170:18)
#156    PipelineOwner.flushLayout (package:flutter/src/rendering/object.dart:1183:15)
#157    AutomatedTestWidgetsFlutterBinding.drawFrame (package:flutter_test/src/binding.dart:1508:27)
#158    RendererBinding._handlePersistentFrameCallback (package:flutter/src/rendering/binding.dart:495:5)
#159    SchedulerBinding._invokeFrameCallback (package:flutter/src/scheduler/binding.dart:1434:15)
#160    SchedulerBinding.handleDrawFrame (package:flutter/src/scheduler/binding.dart:1347:9)
#161    AutomatedTestWidgetsFlutterBinding.pump.<anonymous closure> (package:flutter_test/src/binding.dart:1335:9)
#164    TestAsyncUtils.guard (package:flutter_test/src/test_async_utils.dart:74:41)
#165    AutomatedTestWidgetsFlutterBinding.pump (package:flutter_test/src/binding.dart:1324:27)
#166    WidgetTester.pumpWidget.<anonymous closure> (package:flutter_test/src/widget_tester.dart:598:22)
#169    TestAsyncUtils.guard (package:flutter_test/src/test_async_utils.dart:74:41)
#170    WidgetTester.pumpWidget (package:flutter_test/src/widget_tester.dart:595:27)
#171    main.<anonymous closure> (file:///home/satyakommula/opensource/trueledger/test/widget/smart_insights_test.dart:45:18)
#172    testWidgets.<anonymous closure>.<anonymous closure> (package:flutter_test/src/widget_tester.dart:192:29)
<asynchronous suspension>
#173    TestWidgetsFlutterBinding._runTestBody (package:flutter_test/src/binding.dart:1059:5)
<asynchronous suspension>
<asynchronous suspension>
(elided 8 frames from dart:async and package:stack_trace)

Timer (duration: 0:00:00.000000, periodic: false), created:
#0      new FakeTimer._ (package:fake_async/fake_async.dart:342:62)
#1      FakeAsync._createTimer (package:fake_async/fake_async.dart:260:29)
#2      FakeAsync.run.<anonymous closure> (package:fake_async/fake_async.dart:185:15)
#6      _AnimateState._restart (package:flutter_animate/src/animate.dart:318:23)
#7      _AnimateState.initState (package:flutter_animate/src/animate.dart:290:5)
#8      StatefulElement._firstBuild (package:flutter/src/widgets/framework.dart:5953:55)
#9      ComponentElement.mount (package:flutter/src/widgets/framework.dart:5796:5)
...     Normal element mounting (41 frames)
#50     Element.inflateWidget (package:flutter/src/widgets/framework.dart:4590:20)
#51     Element.updateChild (package:flutter/src/widgets/framework.dart:4059:18)
#52     SliverMultiBoxAdaptorElement.updateChild (package:flutter/src/widgets/sliver.dart:1068:37)
#53     SliverMultiBoxAdaptorElement.createChild.<anonymous closure> (package:flutter/src/widgets/sliver.dart:1052:20)
#54     BuildOwner.buildScope (package:flutter/src/widgets/framework.dart:3101:19)
#55     SliverMultiBoxAdaptorElement.createChild (package:flutter/src/widgets/sliver.dart:1042:12)
#56     RenderSliverMultiBoxAdaptor._createOrObtainChild.<anonymous closure> (package:flutter/src/rendering/sliver_multi_box_adaptor.dart:372:23)
#57     RenderObject.invokeLayoutCallback.<anonymous closure> (package:flutter/src/rendering/object.dart:2894:17)
#58     PipelineOwner._enableMutationsToDirtySubtrees (package:flutter/src/rendering/object.dart:1219:15)
#59     RenderObject.invokeLayoutCallback (package:flutter/src/rendering/object.dart:2893:14)
#60     RenderSliverMultiBoxAdaptor._createOrObtainChild (package:flutter/src/rendering/sliver_multi_box_adaptor.dart:360:5)
#61     RenderSliverMultiBoxAdaptor.insertAndLayoutChild (package:flutter/src/rendering/sliver_multi_box_adaptor.dart:523:5)
#62     RenderSliverList.performLayout.advance (package:flutter/src/rendering/sliver_list.dart:242:19)
#63     RenderSliverList.performLayout (package:flutter/src/rendering/sliver_list.dart:283:12)
#64     RenderObject.layout (package:flutter/src/rendering/object.dart:2775:7)
#65     RenderSliverEdgeInsetsPadding.performLayout (package:flutter/src/rendering/sliver_padding.dart:133:12)
#66     RenderSliverPadding.performLayout (package:flutter/src/rendering/sliver_padding.dart:371:11)
#67     RenderObject.layout (package:flutter/src/rendering/object.dart:2775:7)
#68     RenderViewportBase.layoutChildSequence (package:flutter/src/rendering/viewport.dart:673:13)
#69     RenderViewport._attemptLayout (package:flutter/src/rendering/viewport.dart:1684:12)
#70     RenderViewport.performLayout (package:flutter/src/rendering/viewport.dart:1575:20)
#71     RenderObject.layout (package:flutter/src/rendering/object.dart:2775:7)
#72     RenderProxyBoxMixin.performLayout (package:flutter/src/rendering/proxy_box.dart:115:18)
#73     RenderObject.layout (package:flutter/src/rendering/object.dart:2775:7)
#74     RenderProxyBoxMixin.performLayout (package:flutter/src/rendering/proxy_box.dart:115:18)
#75     RenderObject.layout (package:flutter/src/rendering/object.dart:2775:7)
#76     RenderProxyBoxMixin.performLayout (package:flutter/src/rendering/proxy_box.dart:115:18)
#77     RenderObject.layout (package:flutter/src/rendering/object.dart:2775:7)
#78     RenderProxyBoxMixin.performLayout (package:flutter/src/rendering/proxy_box.dart:115:18)
#79     RenderObject.layout (package:flutter/src/rendering/object.dart:2775:7)
#80     RenderProxyBoxMixin.performLayout (package:flutter/src/rendering/proxy_box.dart:115:18)
#81     RenderObject.layout (package:flutter/src/rendering/object.dart:2775:7)
#82     RenderProxyBoxMixin.performLayout (package:flutter/src/rendering/proxy_box.dart:115:18)
#83     RenderObject.layout (package:flutter/src/rendering/object.dart:2775:7)
#84     RenderProxyBoxMixin.performLayout (package:flutter/src/rendering/proxy_box.dart:115:18)
#85     RenderObject.layout (package:flutter/src/rendering/object.dart:2775:7)
#86     RenderProxyBoxMixin.performLayout (package:flutter/src/rendering/proxy_box.dart:115:18)
#87     _RenderCustomClip.performLayout (package:flutter/src/rendering/proxy_box.dart:1481:11)
#88     RenderObject.layout (package:flutter/src/rendering/object.dart:2775:7)
#89     RenderConstrainedBox.performLayout (package:flutter/src/rendering/proxy_box.dart:293:14)
#90     RenderObject.layout (package:flutter/src/rendering/object.dart:2775:7)
#91     ChildLayoutHelper.layoutChild (package:flutter/src/rendering/layout_helper.dart:62:11)
#92     RenderFlex._computeSizes (package:flutter/src/rendering/flex.dart:1161:28)
#93     RenderFlex.performLayout (package:flutter/src/rendering/flex.dart:1257:32)
#94     RenderObject.layout (package:flutter/src/rendering/object.dart:2775:7)
#95     RenderProxyBoxMixin.performLayout (package:flutter/src/rendering/proxy_box.dart:115:18)
#96     RenderObject.layout (package:flutter/src/rendering/object.dart:2775:7)
#97     MultiChildLayoutDelegate.layoutChild (package:flutter/src/rendering/custom_layout.dart:180:12)
#98     _ScaffoldLayout.performLayout (package:flutter/src/material/scaffold.dart:1112:7)
#99     MultiChildLayoutDelegate._callPerformLayout (package:flutter/src/rendering/custom_layout.dart:249:7)
#100    RenderCustomMultiChildLayoutBox.performLayout (package:flutter/src/rendering/custom_layout.dart:420:14)
#101    RenderObject.layout (package:flutter/src/rendering/object.dart:2775:7)
#102    RenderProxyBoxMixin.performLayout (package:flutter/src/rendering/proxy_box.dart:115:18)
#103    RenderObject.layout (package:flutter/src/rendering/object.dart:2775:7)
#104    RenderProxyBoxMixin.performLayout (package:flutter/src/rendering/proxy_box.dart:115:18)
#105    _RenderCustomClip.performLayout (package:flutter/src/rendering/proxy_box.dart:1481:11)
#106    RenderObject.layout (package:flutter/src/rendering/object.dart:2775:7)
#107    RenderProxyBoxMixin.performLayout (package:flutter/src/rendering/proxy_box.dart:115:18)
#108    RenderObject.layout (package:flutter/src/rendering/object.dart:2775:7)
#109    RenderProxyBoxMixin.performLayout (package:flutter/src/rendering/proxy_box.dart:115:18)
#110    RenderObject.layout (package:flutter/src/rendering/object.dart:2775:7)
#111    RenderProxyBoxMixin.performLayout (package:flutter/src/rendering/proxy_box.dart:115:18)
#112    RenderObject.layout (package:flutter/src/rendering/object.dart:2775:7)
#113    RenderProxyBoxMixin.performLayout (package:flutter/src/rendering/proxy_box.dart:115:18)
#114    RenderObject.layout (package:flutter/src/rendering/object.dart:2775:7)
#115    RenderProxyBoxMixin.performLayout (package:flutter/src/rendering/proxy_box.dart:115:18)
#116    RenderObject.layout (package:flutter/src/rendering/object.dart:2775:7)
#117    RenderProxyBoxMixin.performLayout (package:flutter/src/rendering/proxy_box.dart:115:18)
#118    RenderObject.layout (package:flutter/src/rendering/object.dart:2775:7)
#119    RenderProxyBoxMixin.performLayout (package:flutter/src/rendering/proxy_box.dart:115:18)
#120    RenderObject.layout (package:flutter/src/rendering/object.dart:2775:7)
#121    RenderProxyBoxMixin.performLayout (package:flutter/src/rendering/proxy_box.dart:115:18)
#122    RenderObject.layout (package:flutter/src/rendering/object.dart:2775:7)
#123    RenderProxyBoxMixin.performLayout (package:flutter/src/rendering/proxy_box.dart:115:18)
#124    RenderObject.layout (package:flutter/src/rendering/object.dart:2775:7)
#125    RenderProxyBoxMixin.performLayout (package:flutter/src/rendering/proxy_box.dart:115:18)
#126    RenderOffstage.performLayout (package:flutter/src/rendering/proxy_box.dart:3848:13)
#127    RenderObject.layout (package:flutter/src/rendering/object.dart:2775:7)
#128    RenderProxyBoxMixin.performLayout (package:flutter/src/rendering/proxy_box.dart:115:18)
#129    RenderObject.layout (package:flutter/src/rendering/object.dart:2775:7)
#130    _RenderTheaterMixin.layoutChild (package:flutter/src/widgets/overlay.dart:1084:13)
#131    _RenderTheater.performLayout (package:flutter/src/widgets/overlay.dart:1429:9)
#132    RenderObject.layout (package:flutter/src/rendering/object.dart:2775:7)
#133    RenderProxyBoxMixin.performLayout (package:flutter/src/rendering/proxy_box.dart:115:18)
#134    RenderObject.layout (package:flutter/src/rendering/object.dart:2775:7)
#135    RenderProxyBoxMixin.performLayout (package:flutter/src/rendering/proxy_box.dart:115:18)
#136    RenderObject.layout (package:flutter/src/rendering/object.dart:2775:7)
#137    RenderProxyBoxMixin.performLayout (package:flutter/src/rendering/proxy_box.dart:115:18)
#138    RenderObject.layout (package:flutter/src/rendering/object.dart:2775:7)
#139    RenderProxyBoxMixin.performLayout (package:flutter/src/rendering/proxy_box.dart:115:18)
#140    RenderCustomPaint.performLayout (package:flutter/src/rendering/custom_paint.dart:574:11)
#141    RenderObject.layout (package:flutter/src/rendering/object.dart:2775:7)
#142    RenderProxyBoxMixin.performLayout (package:flutter/src/rendering/proxy_box.dart:115:18)
#143    RenderObject.layout (package:flutter/src/rendering/object.dart:2775:7)
#144    RenderProxyBoxMixin.performLayout (package:flutter/src/rendering/proxy_box.dart:115:18)
#145    RenderObject.layout (package:flutter/src/rendering/object.dart:2775:7)
#146    RenderProxyBoxMixin.performLayout (package:flutter/src/rendering/proxy_box.dart:115:18)
#147    RenderObject.layout (package:flutter/src/rendering/object.dart:2775:7)
#148    RenderProxyBoxMixin.performLayout (package:flutter/src/rendering/proxy_box.dart:115:18)
#149    RenderObject.layout (package:flutter/src/rendering/object.dart:2775:7)
#150    RenderProxyBoxMixin.performLayout (package:flutter/src/rendering/proxy_box.dart:115:18)
#151    RenderObject.layout (package:flutter/src/rendering/object.dart:2775:7)
#152    RenderProxyBoxMixin.performLayout (package:flutter/src/rendering/proxy_box.dart:115:18)
#153    RenderObject.layout (package:flutter/src/rendering/object.dart:2775:7)
#154    RenderView.performLayout (package:flutter/src/rendering/view.dart:294:12)
#155    RenderObject._layoutWithoutResize (package:flutter/src/rendering/object.dart:2623:7)
#156    PipelineOwner.flushLayout (package:flutter/src/rendering/object.dart:1170:18)
#157    PipelineOwner.flushLayout (package:flutter/src/rendering/object.dart:1183:15)
#158    AutomatedTestWidgetsFlutterBinding.drawFrame (package:flutter_test/src/binding.dart:1508:27)
#159    RendererBinding._handlePersistentFrameCallback (package:flutter/src/rendering/binding.dart:495:5)
#160    SchedulerBinding._invokeFrameCallback (package:flutter/src/scheduler/binding.dart:1434:15)
#161    SchedulerBinding.handleDrawFrame (package:flutter/src/scheduler/binding.dart:1347:9)
#162    AutomatedTestWidgetsFlutterBinding.pump.<anonymous closure> (package:flutter_test/src/binding.dart:1335:9)
#165    TestAsyncUtils.guard (package:flutter_test/src/test_async_utils.dart:74:41)
#166    AutomatedTestWidgetsFlutterBinding.pump (package:flutter_test/src/binding.dart:1324:27)
#167    WidgetTester.pumpWidget.<anonymous closure> (package:flutter_test/src/widget_tester.dart:598:22)
#170    TestAsyncUtils.guard (package:flutter_test/src/test_async_utils.dart:74:41)
#171    WidgetTester.pumpWidget (package:flutter_test/src/widget_tester.dart:595:27)
#172    main.<anonymous closure> (file:///home/satyakommula/opensource/trueledger/test/widget/smart_insights_test.dart:45:18)
#173    testWidgets.<anonymous closure>.<anonymous closure> (package:flutter_test/src/widget_tester.dart:192:29)
<asynchronous suspension>
#174    TestWidgetsFlutterBinding._runTestBody (package:flutter_test/src/binding.dart:1059:5)
<asynchronous suspension>
<asynchronous suspension>
(elided 8 frames from dart:async and package:stack_trace)

══╡ EXCEPTION CAUGHT BY FLUTTER TEST FRAMEWORK ╞════════════════════════════════════════════════════
The following assertion was thrown running a test:
A Timer is still pending even after the widget tree was disposed.
'package:flutter_test/src/binding.dart':
Failed assertion: line 1617 pos 12: '!timersPending'

When the exception was thrown, this was the stack:
#2      AutomatedTestWidgetsFlutterBinding._verifyInvariants (package:flutter_test/src/binding.dart:1617:12)
#3      TestWidgetsFlutterBinding._runTestBody (package:flutter_test/src/binding.dart:1078:7)
<asynchronous suspension>
<asynchronous suspension>
(elided 3 frames from class _AssertionError and package:stack_trace)

The test description was:
  renders score card even when insights are empty
════════════════════════════════════════════════════════════════════════════════════════════════════
00:02 +0 -1: renders score card even when insights are empty [E]                                                                                                                                       
  Test failed. See exception logs above.
  The test description was: renders score card even when insights are empty
  

To run this test again: /opt/flutter/bin/cache/dart-sdk/bin/dart test /home/satyakommula/opensource/trueledger/test/widget/smart_insights_test.dart -p vm --plain-name 'renders score card even when insights are empty'
00:02 +0 -1: renders insights and score card                                                                                                                                                           00:02 +0 -1: renders insights and score card                                                                                                                                                           
══╡ EXCEPTION CAUGHT BY RENDERING LIBRARY ╞═════════════════════════════════════════════════════════
The following assertion was thrown during layout:
A RenderFlex overflowed by 28 pixels on the right.

The relevant error-causing widget was:
  Row
  Row:file:///home/satyakommula/opensource/trueledger/lib/presentation/screens/dashboard/dashboard_components/smart_insights.dart:368:15

The overflowing RenderFlex has an orientation of Axis.horizontal.
The edge of the RenderFlex that is overflowing has been marked in the rendering with a yellow and
black striped pattern. This is usually caused by the contents being too big for the RenderFlex.
Consider applying a flex factor (e.g. using an Expanded widget) to force the children of the
RenderFlex to fit within the available space instead of being sized to their natural size.
This is considered an error condition because it indicates that there is content that cannot be
seen. If the content is legitimately bigger than the available space, consider clipping it with a
ClipRect widget before putting it in the flex, or using a scrollable container rather than a Flex,
like a ListView.
The specific RenderFlex in question is: RenderFlex#8eff7 relayoutBoundary=up1 OVERFLOWING:
  creator: Row ← Column ← Padding ← DecoratedBox ← ConstrainedBox ← Container ← Listener ←
    _GestureSemantics ← RawGestureDetector ← GestureDetector ← HoverWrapper ← Padding ← ⋯
  parentData: offset=Offset(0.0, 0.0); flex=null; fit=null (can use size)
  constraints: BoxConstraints(0.0<=w<=238.0, 0.0<=h<=Infinity)
  size: Size(238.0, 34.0)
  direction: horizontal
  mainAxisAlignment: spaceBetween
  mainAxisSize: max
  crossAxisAlignment: center
  textDirection: ltr
  verticalDirection: down
  spacing: 0.0
◢◤◢◤◢◤◢◤◢◤◢◤◢◤◢◤◢◤◢◤◢◤◢◤◢◤◢◤◢◤◢◤◢◤◢◤◢◤◢◤◢◤◢◤◢◤◢◤◢◤◢◤◢◤◢◤◢◤◢◤◢◤◢◤◢◤◢◤◢◤◢◤◢◤◢◤◢◤◢◤◢◤◢◤◢◤◢◤◢◤◢◤◢◤◢◤◢◤◢◤
════════════════════════════════════════════════════════════════════════════════════════════════════
00:02 +0 -2: renders insights and score card [E]                                                                                                                                                       
  Test failed. See exception logs above.
  The test description was: renders insights and score card
  

To run this test again: /opt/flutter/bin/cache/dart-sdk/bin/dart test /home/satyakommula/opensource/trueledger/test/widget/smart_insights_test.dart -p vm --plain-name 'renders insights and score card'
00:02 +0 -2: Some tests failed.                                                                                                                                                                        
